strace: System call limit has been reached, detaching tracees
strace: Process PID detached
