execve\("\.\./fchdir", \["sample"\], 0x[[:xdigit:]]* /\* [[:digit:]]* vars \*/\) = 0
\+\+\+ exited with 0 \+\+\+
